// Jest Snapshot v1, https://goo.gl/fbAQLP

exports[`SearchOptions renders 1`] = `""`;
