// Jest Snapshot v1, https://goo.gl/fbAQLP

exports[`InputGroup renders correctly 1`] = `
.c0 {
  display: -webkit-box;
  display: -webkit-flex;
  display: -ms-flexbox;
  display: flex;
}

<styled.div>
  <div
    className="c0"
  />
</styled.div>
`;
