// Jest Snapshot v1, https://goo.gl/fbAQLP

exports[`Container renders correctly 1`] = `
.c0 {
  width: 80rem;
  max-width: 100%;
  height: auto;
  box-sizing: border-box;
  margin: 0 auto;
}

<styled.div>
  <div
    className="c0"
  >
    Foo bar
  </div>
</styled.div>
`;
