// Jest Snapshot v1, https://goo.gl/fbAQLP

exports[`WalletOptions renders 1`] = `""`;
