// Jest Snapshot v1, https://goo.gl/fbAQLP

exports[`Footer renders correctly 1`] = `
.c0 {
  background: #f4f5f7;
  padding: 2rem 0;
  text-align: center;
}

.c0 .sc-dlfnbm {
  color: #727e8b;
  display: inline-block;
  margin: 0;
  font-size: 0.9rem;
}

.c2 {
  -webkit-text-decoration: none;
  text-decoration: none;
  font-family: "Inter",sans-serif;
  color: #2c9bbb;
  -webkit-transition: color 0.3s;
  transition: color 0.3s;
}

.c2:hover {
  color: #70c5dd;
}

.c3 {
  -webkit-text-decoration: none;
  text-decoration: none;
  font-family: "Inter",sans-serif;
  color: #2c9bbb;
  -webkit-transition: color 0.3s;
  transition: color 0.3s;
}

.c3:hover {
  color: #70c5dd;
}

.c1 {
  text-align: center;
}

.c1 a {
  margin: 0 1.5rem;
  font-size: 0.9rem;
  color: #242429;
}

.c1 a:hover {
  color: rgba(36,36,41,0.5);
}

.c5 {
  width: 1.5rem;
  height: 1.5rem;
}

.c4 {
  text-align: center;
  margin: 1.5rem 0 0;
}

.c4 a {
  margin: 0 1rem;
}

<Footer>
  <styled.footer>
    <footer
      className="c0"
    >
      <Links>
        <styled.div>
          <div
            className="c1"
          >
            <Link
              key="About"
              to="/info"
            >
              <Styled(Component)
                to="/info"
              >
                <ForwardRef
                  className="c2"
                  to="/info"
                >
                  <GatsbyLinkLocationWrapper
                    className="c2"
                    innerRef={null}
                    to="/info"
                  >
                    <Location>
                      <LocationProvider
                        history={
                          Object {
                            "_onTransitionComplete": [Function],
                            "listen": [Function],
                            "location": Object {
                              "hash": "",
                              "host": "localhost",
                              "hostname": "localhost",
                              "href": "http://localhost/",
                              "key": "initial",
                              "origin": "http://localhost",
                              "pathname": "/",
                              "port": "",
                              "protocol": "http:",
                              "search": "",
                              "state": null,
                            },
                            "navigate": [Function],
                            "transitioning": false,
                          }
                        }
                      >
                        <GatsbyLink
                          _location={
                            Object {
                              "hash": "",
                              "host": "localhost",
                              "hostname": "localhost",
                              "href": "http://localhost/",
                              "key": "initial",
                              "origin": "http://localhost",
                              "pathname": "/",
                              "port": "",
                              "protocol": "http:",
                              "search": "",
                              "state": null,
                            }
                          }
                          className="c2"
                          innerRef={null}
                          to="/info"
                        >
                          <Link
                            className="c2"
                            getProps={[Function]}
                            innerRef={[Function]}
                            onClick={[Function]}
                            onMouseEnter={[Function]}
                            to="/info"
                          >
                            <Location>
                              <a
                                className="c2"
                                href="/info"
                                onClick={[Function]}
                                onMouseEnter={[Function]}
                              >
                                About
                              </a>
                            </Location>
                          </Link>
                        </GatsbyLink>
                      </LocationProvider>
                    </Location>
                  </GatsbyLinkLocationWrapper>
                </ForwardRef>
              </Styled(Component)>
            </Link>
            <Link
              external={true}
              key="Blog"
              to="https://medium.com/findeth"
            >
              <styled.a
                href="https://medium.com/findeth"
              >
                <a
                  className="c3"
                  href="https://medium.com/findeth"
                  rel="noopener noreferrer"
                  target="_blank"
                >
                  Blog
                </a>
              </styled.a>
            </Link>
            <Link
              external={true}
              key="Donations"
              to="https://etherscan.io/address/0xb08b2cae713496217707b8aefee156b49d0fd889"
            >
              <styled.a
                href="https://etherscan.io/address/0xb08b2cae713496217707b8aefee156b49d0fd889"
              >
                <a
                  className="c3"
                  href="https://etherscan.io/address/0xb08b2cae713496217707b8aefee156b49d0fd889"
                  rel="noopener noreferrer"
                  target="_blank"
                >
                  Donations
                </a>
              </styled.a>
            </Link>
            <Link
              external={true}
              key="Gitcoin Grant"
              to="https://gitcoin.co/grants/914/findeth"
            >
              <styled.a
                href="https://gitcoin.co/grants/914/findeth"
              >
                <a
                  className="c3"
                  href="https://gitcoin.co/grants/914/findeth"
                  rel="noopener noreferrer"
                  target="_blank"
                >
                  Gitcoin Grant
                </a>
              </styled.a>
            </Link>
          </div>
        </styled.div>
      </Links>
      <Socials>
        <styled.div>
          <div
            className="c4"
          >
            <Link
              external={true}
              key="GitHub"
              to="https://github.com/FindETH"
            >
              <styled.a
                href="https://github.com/FindETH"
              >
                <a
                  className="c3"
                  href="https://github.com/FindETH"
                  rel="noopener noreferrer"
                  target="_blank"
                >
                  <Icon
                    icon="github"
                    size="1.5rem"
                    title="GitHub"
                  >
                    <styled.img
                      alt="GitHub"
                      size="1.5rem"
                      src="file-stub"
                      title="GitHub"
                    >
                      <img
                        alt="GitHub"
                        className="c5"
                        size="1.5rem"
                        src="file-stub"
                        title="GitHub"
                      />
                    </styled.img>
                  </Icon>
                </a>
              </styled.a>
            </Link>
            <Link
              external={true}
              key="Medium"
              to="https://medium.com/findeth"
            >
              <styled.a
                href="https://medium.com/findeth"
              >
                <a
                  className="c3"
                  href="https://medium.com/findeth"
                  rel="noopener noreferrer"
                  target="_blank"
                >
                  <Icon
                    icon="medium"
                    size="1.5rem"
                    title="Medium"
                  >
                    <styled.img
                      alt="Medium"
                      size="1.5rem"
                      src="file-stub"
                      title="Medium"
                    >
                      <img
                        alt="Medium"
                        className="c5"
                        size="1.5rem"
                        src="file-stub"
                        title="Medium"
                      />
                    </styled.img>
                  </Icon>
                </a>
              </styled.a>
            </Link>
            <Link
              external={true}
              key="Email"
              to="mailto:info@findeth.io"
            >
              <styled.a
                href="mailto:info@findeth.io"
              >
                <a
                  className="c3"
                  href="mailto:info@findeth.io"
                  rel="noopener noreferrer"
                  target="_blank"
                >
                  <Icon
                    icon="email"
                    size="1.5rem"
                    title="Email"
                  >
                    <styled.img
                      alt="Email"
                      size="1.5rem"
                      src="file-stub"
                      title="Email"
                    >
                      <img
                        alt="Email"
                        className="c5"
                        size="1.5rem"
                        src="file-stub"
                        title="Email"
                      />
                    </styled.img>
                  </Icon>
                </a>
              </styled.a>
            </Link>
            <Link
              external={true}
              key="Twitter"
              to="https://twitter.com/FindETHio"
            >
              <styled.a
                href="https://twitter.com/FindETHio"
              >
                <a
                  className="c3"
                  href="https://twitter.com/FindETHio"
                  rel="noopener noreferrer"
                  target="_blank"
                >
                  <Icon
                    icon="twitter"
                    size="1.5rem"
                    title="Twitter"
                  >
                    <styled.img
                      alt="Twitter"
                      size="1.5rem"
                      src="file-stub"
                      title="Twitter"
                    >
                      <img
                        alt="Twitter"
                        className="c5"
                        size="1.5rem"
                        src="file-stub"
                        title="Twitter"
                      />
                    </styled.img>
                  </Icon>
                </a>
              </styled.a>
            </Link>
          </div>
        </styled.div>
      </Socials>
    </footer>
  </styled.footer>
</Footer>
`;
