// Jest Snapshot v1, https://goo.gl/fbAQLP

exports[`App renders correctly 1`] = `
<Providers>
  <NetworkChecker />
  <Memo(l) />
  <styled.div>
    <Header />
  </styled.div>
  <Footer />
</Providers>
`;
