// Jest Snapshot v1, https://goo.gl/fbAQLP

exports[`Ledger renders 1`] = `
<PanelItem
  description="Use your Ledger Nano X or S"
  highlight={false}
  icon="file-stub"
  onClick={[Function]}
  title="Ledger Wallet"
>
  <AnimatePresence />
</PanelItem>
`;
