// Jest Snapshot v1, https://goo.gl/fbAQLP

exports[`CardList renders correctly 1`] = `
.c0 {
  margin: 0;
  padding: 0;
  list-style-type: none;
}

<styled.ul>
  <ul
    className="c0"
  />
</styled.ul>
`;
