// Jest Snapshot v1, https://goo.gl/fbAQLP

exports[`MnemonicPhrase renders 1`] = `
<Fragment>
  <Container>
    <Heading
      as="h2"
    >
      Enter your mnemonic phrase
    </Heading>
    <Typography>
      TODO
    </Typography>
  </Container>
</Fragment>
`;
