// Jest Snapshot v1, https://goo.gl/fbAQLP

exports[`Spinner renders correctly 1`] = `
.c0 {
  position: relative;
  border-top: 0.1rem solid rgba(36,36,41,0.2);
  border-right: 0.1rem solid rgba(36,36,41,0.2);
  border-bottom: 0.1rem solid rgba(36,36,41,0.2);
  border-left: 0.1rem solid #242429;
  -webkit-transform: translateZ(0);
  -ms-transform: translateZ(0);
  transform: translateZ(0);
  -webkit-animation: epmXAj 1.1s infinite linear;
  animation: epmXAj 1.1s infinite linear;
}

.c0,
.c0:after {
  border-radius: 50%;
  width: 1rem;
  height: 1rem;
}

<styled.div>
  <div
    className="c0"
  />
</styled.div>
`;
