// Jest Snapshot v1, https://goo.gl/fbAQLP

exports[`GlobalStyle renders correctly 1`] = `<Memo(l) />`;
