// Jest Snapshot v1, https://goo.gl/fbAQLP

exports[`Flow renders 1`] = `""`;
